{
  "firmware_sha256": "155521c96f77720ad7abdbfb0d3423a2f41f24b95ebfa87e4a683a48c05e91ba",
  "board": "nano_rp2040_connect",
  "device_id": "a1b2c3d4e5f60718",
  "address": "192.168.77.1",
  "expected_boot_id": "37a5706bf6ff3abb",
  "started_utc": "2026-09-21T22:27:28Z",
  "status": "passed",
  "purpose": "one unretried 64 KiB v4 application-stream transfer overlapping fresh IPv4 Internet access",
  "default_route": "   route to: default\ndestination: default\n       mask: default\n    gateway: 192.168.4.1\n  interface: en0\n      flags: <UP,GATEWAY,DONE,STATIC,PRCLONING,GLOBAL>\n recvpipe  sendpipe  ssthresh  rtt,msec    rttvar  hopcount      mtu     expire\n       0         0         0         0         0         0      1500         0 \n",
  "board_route": "   route to: 192.168.77.1\ndestination: 192.168.77.1\n  interface: en5\n      flags: <UP,HOST,DONE,LLINFO,WASCLONED,IFSCOPE,IFREF>\n recvpipe  sendpipe  ssthresh  rtt,msec    rttvar  hopcount      mtu     expire\n       0         0         0         0         0         0      1500      1026 \n",
  "hello": {
    "protocol_major": 1,
    "firmware_version": "application-dev-v4",
    "device_id": "a1b2c3d4e5f60718",
    "boot_id": "37a5706bf6ff3abb",
    "board_id": "nano_rp2040_connect",
    "max_payload": 4096,
    "auth_mode": "open-development",
    "channels": [
      {
        "id": 1,
        "backend": "application",
        "controls": [],
        "rx_queue": 256,
        "tx_queue": 256,
        "owned": false
      }
    ],
    "targets": []
  },
  "initial_diagnostics": {
    "samples": 386533,
    "heap_free": 174088,
    "heap_min": 174088,
    "stack_free": 8064,
    "stack_min": 8064,
    "peak_to_backend": 256,
    "peak_to_peer": 256,
    "application_rx_pending": 0,
    "application_tx_pending": 0,
    "application_rx_peak": 256,
    "application_tx_peak": 256,
    "application_rx_discarded": 0,
    "application_tx_discarded": 0,
    "ncm_worker_runs": 15618,
    "ncm_rx_frames": 617,
    "ncm_rx_deferred": 593,
    "ncm_budget_exhaustions": 0,
    "ncm_wake_requests": 0,
    "tcp_accepts": 5,
    "tcp_rx_callbacks": 86,
    "tcp_sent_callbacks": 366,
    "tcp_errors": 0,
    "tcp_rx_bytes": 96125,
    "tcp_sent_bytes": 105281,
    "lwip_free": null
  },
  "https": {
    "begin_monotonic": 412151.436139208,
    "end_monotonic": 412151.823619166,
    "exit_code": 0,
    "output": "200 172.66.147.243",
    "error": ""
  },
  "transfer": {
    "begin_monotonic": 412151.429973708,
    "result": {
      "bytes": 65536,
      "seconds": 5.996889500005636,
      "bytes_per_second": 10928.332096153916,
      "fragmented_sends": 500,
      "slow_read": true,
      "read_delay": 0.15,
      "seed": null
    },
    "status": "passed",
    "end_monotonic": 412157.432978166
  },
  "internet_contained_in_transfer": true,
  "backend_status": {
    "channel_id": 1,
    "backend_rx_bytes": 65536,
    "backend_tx_bytes": 65536,
    "pending_to_backend": 0,
    "pending_to_peer": 0
  },
  "final_diagnostics": {
    "samples": 397235,
    "heap_free": 174088,
    "heap_min": 174088,
    "stack_free": 8064,
    "stack_min": 8064,
    "peak_to_backend": 256,
    "peak_to_peer": 256,
    "application_rx_pending": 0,
    "application_tx_pending": 0,
    "application_rx_peak": 256,
    "application_tx_peak": 256,
    "application_rx_discarded": 0,
    "application_tx_discarded": 0,
    "ncm_worker_runs": 15951,
    "ncm_rx_frames": 959,
    "ncm_rx_deferred": 926,
    "ncm_budget_exhaustions": 0,
    "ncm_wake_requests": 0,
    "tcp_accepts": 5,
    "tcp_rx_callbacks": 133,
    "tcp_sent_callbacks": 605,
    "tcp_errors": 0,
    "tcp_rx_bytes": 162448,
    "tcp_sent_bytes": 176709,
    "lwip_free": null
  },
  "finished_utc": "2026-09-21T22:27:34Z"
}
