Traceback (most recent call last):
  File "/Users/REDACTED/Developer/Firmingo/tools/session_smoke.py", line 165, in echo
    chunk = self.sock.recv(4096)
            ^^^^^^^^^^^^^^^^^^^^
TimeoutError: [Errno 60] Operation timed out

The above exception was the direct cause of the following exception:

Traceback (most recent call last):
  File "/Users/REDACTED/Developer/Firmingo/build/application-v3-hardware-check.py", line 28, in <module>
    report['isolated'] = peer.echo(65536, slow_read=True)
                         ^^^^^^^^^^^^^^^^^^^^^^^^^^^^^^^^
  File "/Users/REDACTED/Developer/Firmingo/tools/session_smoke.py", line 169, in echo
    raise RuntimeError(f'echo socket receive failed: expected {byte_count} bytes, '
RuntimeError: echo socket receive failed: expected 65536 bytes, received 6656, sent wire 66176/66176: TimeoutError(60, 'Operation timed out')
{
  "firmware_sha256": "276704c6bee3606e2ea913896b79cd4b9b1f16ce392d8e6ea29fda6b526e9b24",
  "board": "nano_rp2040_connect",
  "device_id": "a1b2c3d4e5f60718",
  "address": "192.168.77.1",
  "started_utc": "2026-09-19T10:04:31Z",
  "status": "failed",
  "purpose": "single isolated control followed by one unassisted replay of the v2 Internet-overlap failure",
  "hello": {
    "protocol_major": 1,
    "firmware_version": "application-dev-v3",
    "device_id": "a1b2c3d4e5f60718",
    "boot_id": "2969eb76cc105105",
    "board_id": "nano_rp2040_connect",
    "max_payload": 4096,
    "auth_mode": "open-development",
    "channels": [
      {
        "id": 1,
        "backend": "application",
        "controls": [],
        "rx_queue": 256,
        "tx_queue": 256,
        "owned": false
      }
    ],
    "targets": []
  },
  "boot_id": "2969eb76cc105105",
  "initial_diagnostics": {
    "samples": 185909,
    "heap_free": 174732,
    "heap_min": 174732,
    "stack_free": 8120,
    "stack_min": 8120,
    "peak_to_backend": 256,
    "peak_to_peer": 256,
    "application_rx_pending": 0,
    "application_tx_pending": 0,
    "application_rx_peak": 256,
    "application_tx_peak": 256,
    "application_rx_discarded": 0,
    "application_tx_discarded": 0,
    "lwip_free": null
  },
  "error": "RuntimeError(\"echo socket receive failed: expected 65536 bytes, received 6656, sent wire 66176/66176: TimeoutError(60, 'Operation timed out')\")",
  "finished_utc": "2026-09-19T10:04:49Z"
}
