{
  "firmware_sha256": "7665d4fc0c23494e8a1954ec95541d64a1ff8d4960a7219d33ba3e3664ae2192",
  "board": "nano_rp2040_connect",
  "device_id": "a1b2c3d4e5f60718",
  "address": "192.168.77.1",
  "expected_boot_id": "83c59bf30e43f49e",
  "started_utc": "2026-09-21T23:10:44Z",
  "status": "passed",
  "purpose": "one unretried instrumented 64 KiB v5 application-stream transfer overlapping fresh IPv4 Internet access",
  "default_route": "   route to: default\ndestination: default\n       mask: default\n    gateway: 192.168.4.1\n  interface: en0\n      flags: <UP,GATEWAY,DONE,STATIC,PRCLONING,GLOBAL>\n recvpipe  sendpipe  ssthresh  rtt,msec    rttvar  hopcount      mtu     expire\n       0         0         0         0         0         0      1500         0 \n",
  "board_route": "   route to: 192.168.77.1\ndestination: 192.168.77.1\n  interface: en5\n      flags: <UP,HOST,DONE,LLINFO,WASCLONED,IFSCOPE,IFREF>\n recvpipe  sendpipe  ssthresh  rtt,msec    rttvar  hopcount      mtu     expire\n       0         0         0         0         0         0      1500      1121 \n",
  "hello": {
    "protocol_major": 1,
    "firmware_version": "application-dev-v5",
    "device_id": "a1b2c3d4e5f60718",
    "boot_id": "83c59bf30e43f49e",
    "board_id": "nano_rp2040_connect",
    "max_payload": 4096,
    "auth_mode": "open-development",
    "channels": [
      {
        "id": 1,
        "backend": "application",
        "controls": [],
        "rx_queue": 256,
        "tx_queue": 256,
        "owned": false
      }
    ],
    "targets": []
  },
  "initial_diagnostics": {
    "samples": 200551,
    "heap_free": 174084,
    "heap_min": 174084,
    "stack_free": 8056,
    "stack_min": 8056,
    "peak_to_backend": 256,
    "peak_to_peer": 256,
    "application_rx_pending": 0,
    "application_tx_pending": 0,
    "application_rx_peak": 256,
    "application_tx_peak": 256,
    "application_rx_discarded": 0,
    "application_tx_discarded": 0,
    "ncm_worker_runs": 15799,
    "ncm_rx_frames": 722,
    "ncm_rx_deferred": 697,
    "ncm_rx_batch_peak": 2,
    "ncm_budget_exhaustions": 0,
    "ncm_wake_requests": 0,
    "tcp_accepts": 6,
    "tcp_rx_callbacks": 102,
    "tcp_sent_callbacks": 428,
    "tcp_errors": 0,
    "tcp_rx_bytes": 113582,
    "tcp_sent_bytes": 111634,
    "lwip_free": null
  },
  "https": {
    "begin_monotonic": 414747.165707333,
    "end_monotonic": 414747.569388333,
    "exit_code": 0,
    "output": "200 172.66.147.243",
    "error": ""
  },
  "transfer": {
    "begin_monotonic": 414747.160049333,
    "result": {
      "bytes": 65536,
      "seconds": 5.997052124992479,
      "bytes_per_second": 10928.035747243433,
      "fragmented_sends": 500,
      "slow_read": true,
      "read_delay": 0.15,
      "seed": null
    },
    "status": "passed",
    "end_monotonic": 414753.162764208
  },
  "internet_contained_in_transfer": true,
  "backend_status": {
    "channel_id": 1,
    "backend_rx_bytes": 65536,
    "backend_tx_bytes": 65536,
    "pending_to_backend": 0,
    "pending_to_peer": 0
  },
  "final_diagnostics": {
    "samples": 211259,
    "heap_free": 174084,
    "heap_min": 174084,
    "stack_free": 8056,
    "stack_min": 8056,
    "peak_to_backend": 256,
    "peak_to_peer": 256,
    "application_rx_pending": 0,
    "application_tx_pending": 0,
    "application_rx_peak": 256,
    "application_tx_peak": 256,
    "application_rx_discarded": 0,
    "application_tx_discarded": 0,
    "ncm_worker_runs": 16132,
    "ncm_rx_frames": 1064,
    "ncm_rx_deferred": 1030,
    "ncm_rx_batch_peak": 2,
    "ncm_budget_exhaustions": 0,
    "ncm_wake_requests": 0,
    "tcp_accepts": 6,
    "tcp_rx_callbacks": 149,
    "tcp_sent_callbacks": 667,
    "tcp_errors": 0,
    "tcp_rx_bytes": 179905,
    "tcp_sent_bytes": 183086,
    "lwip_free": null
  },
  "finished_utc": "2026-09-21T23:10:50Z"
}
