{
  "firmware_sha256": "155521c96f77720ad7abdbfb0d3423a2f41f24b95ebfa87e4a683a48c05e91ba",
  "board": "nano_rp2040_connect",
  "device_id": "a1b2c3d4e5f60718",
  "address": "192.168.77.1",
  "started_utc": "2026-09-21T22:25:44Z",
  "status": "passed",
  "purpose": "one unretried isolated 64 KiB v4 application-stream check",
  "hello": {
    "protocol_major": 1,
    "firmware_version": "application-dev-v4",
    "device_id": "a1b2c3d4e5f60718",
    "boot_id": "37a5706bf6ff3abb",
    "board_id": "nano_rp2040_connect",
    "max_payload": 4096,
    "auth_mode": "open-development",
    "channels": [
      {
        "id": 1,
        "backend": "application",
        "controls": [],
        "rx_queue": 256,
        "tx_queue": 256,
        "owned": false
      }
    ],
    "targets": []
  },
  "boot_id": "37a5706bf6ff3abb",
  "initial_diagnostics": {
    "samples": 189321,
    "heap_free": 174088,
    "heap_min": 174088,
    "stack_free": 8064,
    "stack_min": 8064,
    "peak_to_backend": 256,
    "peak_to_peer": 256,
    "application_rx_pending": 0,
    "application_tx_pending": 0,
    "application_rx_peak": 256,
    "application_tx_peak": 256,
    "application_rx_discarded": 0,
    "application_tx_discarded": 0,
    "ncm_worker_runs": 15271,
    "ncm_rx_frames": 261,
    "ncm_rx_deferred": 246,
    "ncm_budget_exhaustions": 0,
    "ncm_wake_requests": 0,
    "tcp_accepts": 4,
    "tcp_rx_callbacks": 36,
    "tcp_sent_callbacks": 124,
    "tcp_errors": 0,
    "tcp_rx_bytes": 29658,
    "tcp_sent_bytes": 32871,
    "lwip_free": null
  },
  "transfer": {
    "bytes": 65536,
    "seconds": 5.996660374978092,
    "bytes_per_second": 10928.749654300613,
    "fragmented_sends": 500,
    "slow_read": true,
    "read_delay": 0.15,
    "seed": null
  },
  "backend_status": {
    "channel_id": 1,
    "backend_rx_bytes": 65536,
    "backend_tx_bytes": 65536,
    "pending_to_backend": 0,
    "pending_to_peer": 0
  },
  "final_diagnostics": {
    "samples": 200021,
    "heap_free": 174088,
    "heap_min": 174088,
    "stack_free": 8064,
    "stack_min": 8064,
    "peak_to_backend": 256,
    "peak_to_peer": 256,
    "application_rx_pending": 0,
    "application_tx_pending": 0,
    "application_rx_peak": 256,
    "application_tx_peak": 256,
    "application_rx_discarded": 0,
    "application_tx_discarded": 0,
    "ncm_worker_runs": 15605,
    "ncm_rx_frames": 603,
    "ncm_rx_deferred": 580,
    "ncm_budget_exhaustions": 0,
    "ncm_wake_requests": 0,
    "tcp_accepts": 4,
    "tcp_rx_callbacks": 83,
    "tcp_sent_callbacks": 363,
    "tcp_errors": 0,
    "tcp_rx_bytes": 95981,
    "tcp_sent_bytes": 104298,
    "lwip_free": null
  },
  "finished_utc": "2026-09-21T22:25:50Z"
}
