{
  "status": "not_exercised",
  "purpose": "single bounded concurrent burst intended to exercise the NCM receive-worker budget path",
  "address": "192.168.77.1",
  "device_id": "a1b2c3d4e5f60718",
  "board": "nano_rp2040_connect",
  "declared_firmware_sha256": "7665d4fc0c23494e8a1954ec95541d64a1ff8d4960a7219d33ba3e3664ae2192",
  "firmware_hash_verified_on_device": false,
  "control_frames": 64,
  "control_payload_bytes": 256,
  "echo_bytes": 65536,
  "started_utc": "2026-09-21T23:09:45Z",
  "hello": {
    "protocol_major": 1,
    "firmware_version": "application-dev-v5",
    "device_id": "a1b2c3d4e5f60718",
    "boot_id": "83c59bf30e43f49e",
    "board_id": "nano_rp2040_connect",
    "max_payload": 4096,
    "auth_mode": "open-development",
    "channels": [
      {
        "id": 1,
        "backend": "application",
        "controls": [],
        "rx_queue": 256,
        "tx_queue": 256,
        "owned": false
      }
    ],
    "targets": []
  },
  "initial_diagnostics": {
    "samples": 90021,
    "heap_free": 174084,
    "heap_min": 174084,
    "stack_free": 8056,
    "stack_min": 8056,
    "peak_to_backend": 256,
    "peak_to_peer": 256,
    "application_rx_pending": 0,
    "application_tx_pending": 0,
    "application_rx_peak": 256,
    "application_tx_peak": 256,
    "application_rx_discarded": 0,
    "application_tx_discarded": 0,
    "ncm_worker_runs": 15354,
    "ncm_rx_frames": 268,
    "ncm_rx_deferred": 252,
    "ncm_rx_batch_peak": 2,
    "ncm_budget_exhaustions": 0,
    "ncm_wake_requests": 0,
    "tcp_accepts": 5,
    "tcp_rx_callbacks": 40,
    "tcp_sent_callbacks": 126,
    "tcp_errors": 0,
    "tcp_rx_bytes": 29707,
    "tcp_sent_bytes": 33228,
    "lwip_free": null
  },
  "echo": {
    "bytes": 65536,
    "seconds": 15.498676084040198,
    "bytes_per_second": 4228.490204236597,
    "fragmented_sends": 500,
    "slow_read": true,
    "read_delay": 0.15,
    "seed": 1313033524
  },
  "control_burst": {
    "wire_bytes": 17408,
    "requests": 64,
    "responses": 64,
    "seconds": 10.909236582985613
  },
  "backend_status": {
    "channel_id": 1,
    "backend_rx_bytes": 65536,
    "backend_tx_bytes": 65536,
    "pending_to_backend": 0,
    "pending_to_peer": 0
  },
  "final_diagnostics": {
    "samples": 117535,
    "heap_free": 174084,
    "heap_min": 174084,
    "stack_free": 8056,
    "stack_min": 8056,
    "peak_to_backend": 256,
    "peak_to_peer": 256,
    "application_rx_pending": 0,
    "application_tx_pending": 0,
    "application_rx_peak": 256,
    "application_tx_peak": 256,
    "application_rx_discarded": 0,
    "application_tx_discarded": 0,
    "ncm_worker_runs": 15789,
    "ncm_rx_frames": 712,
    "ncm_rx_deferred": 687,
    "ncm_rx_batch_peak": 2,
    "ncm_budget_exhaustions": 0,
    "ncm_wake_requests": 0,
    "tcp_accepts": 5,
    "tcp_rx_callbacks": 99,
    "tcp_sent_callbacks": 425,
    "tcp_errors": 0,
    "tcp_rx_bytes": 113438,
    "tcp_sent_bytes": 110628,
    "lwip_free": null
  },
  "counter_delta": {
    "ncm_budget_exhaustions": 0,
    "ncm_wake_requests": 0
  },
  "note": "byte/control checks passed, but the NCM budget branch did not run",
  "finished_utc": "2026-09-21T23:10:00Z"
}
