{
  "attempt": 2,
  "purpose": "isolated 64 KiB diagnostic after retained concurrent failure; not a retry-rescued pass",
  "status": "passed",
  "started_utc": "2026-09-19T06:57:30Z",
  "hello": {
    "protocol_major": 1,
    "firmware_version": "application-dev-v2",
    "device_id": "a1b2c3d4e5f60718",
    "boot_id": "737993054f7a1daa",
    "board_id": "nano_rp2040_connect",
    "max_payload": 4096,
    "auth_mode": "open-development",
    "channels": [
      {
        "id": 1,
        "backend": "application",
        "controls": [],
        "rx_queue": 256,
        "tx_queue": 256,
        "owned": false
      }
    ],
    "targets": []
  },
  "transfer": {
    "bytes": 65536,
    "seconds": 6.001501374994405,
    "bytes_per_second": 10919.934180646773,
    "fragmented_sends": 500,
    "slow_read": true,
    "seed": null
  },
  "backend_status": {
    "channel_id": 1,
    "backend_rx_bytes": 65536,
    "backend_tx_bytes": 65536,
    "pending_to_backend": 0,
    "pending_to_peer": 0
  },
  "finished_utc": "2026-09-19T06:57:36Z"
}
