{
  "firmware_sha256": "f553b19b18b2b265e042c38ef33cead60dd0c01244caa48c001c00b0c21850d4",
  "board": "nano_rp2040_connect",
  "device_id": "a1b2c3d4e5f60718",
  "address": "192.168.77.1",
  "started_utc": "2026-09-18T22:52:33Z",
  "status": "passed",
  "hello": {
    "protocol_major": 1,
    "firmware_version": "application-dev-v1",
    "device_id": "a1b2c3d4e5f60718",
    "boot_id": "b10b16d1750787d0",
    "board_id": "nano_rp2040_connect",
    "max_payload": 4096,
    "auth_mode": "open-development",
    "channels": [
      {
        "id": 1,
        "backend": "application",
        "controls": [],
        "rx_queue": 256,
        "tx_queue": 256,
        "owned": false
      }
    ],
    "targets": []
  },
  "initial_diagnostics": {
    "samples": 316703,
    "heap_free": 175292,
    "heap_min": 175292,
    "stack_free": 8120,
    "stack_min": 8120,
    "lwip_free": null,
    "peak_to_backend": 256,
    "peak_to_peer": 256
  },
  "https": {
    "begin_monotonic": 345043.33846775,
    "end_monotonic": 345043.686576583,
    "exit_code": 0,
    "output": "200 104.20.23.154",
    "error": ""
  },
  "transfer": {
    "begin_monotonic": 345043.332691958,
    "result": {
      "bytes": 65536,
      "seconds": 5.996995749999769,
      "bytes_per_second": 10928.138476670178,
      "fragmented_sends": 500,
      "slow_read": true,
      "seed": null
    },
    "status": "passed",
    "end_monotonic": 345049.335475791
  },
  "internet_contained_in_transfer": true,
  "backend_status": {
    "channel_id": 1,
    "backend_rx_bytes": 65536,
    "backend_tx_bytes": 65536,
    "pending_to_backend": 0,
    "pending_to_peer": 0
  },
  "final_diagnostics": {
    "samples": 327591,
    "heap_free": 175292,
    "heap_min": 175292,
    "stack_free": 8120,
    "stack_min": 8120,
    "lwip_free": null,
    "peak_to_backend": 256,
    "peak_to_peer": 256
  },
  "finished_utc": "2026-09-18T22:52:39Z"
}
