{
  "status": "failed",
  "purpose": "single bounded concurrent burst intended to exercise the NCM receive-worker budget path",
  "address": "192.168.77.1",
  "device_id": "a1b2c3d4e5f60718",
  "board": "nano_rp2040_connect",
  "declared_firmware_sha256": "155521c96f77720ad7abdbfb0d3423a2f41f24b95ebfa87e4a683a48c05e91ba",
  "firmware_hash_verified_on_device": false,
  "control_frames": 16,
  "control_payload_bytes": 3072,
  "echo_bytes": 65536,
  "started_utc": "2026-09-21T22:43:11Z",
  "hello": {
    "protocol_major": 1,
    "firmware_version": "application-dev-v4",
    "device_id": "a1b2c3d4e5f60718",
    "boot_id": "37a5706bf6ff3abb",
    "board_id": "nano_rp2040_connect",
    "max_payload": 4096,
    "auth_mode": "open-development",
    "channels": [
      {
        "id": 1,
        "backend": "application",
        "controls": [],
        "rx_queue": 256,
        "tx_queue": 256,
        "owned": false
      }
    ],
    "targets": []
  },
  "initial_diagnostics": {
    "samples": 2157303,
    "heap_free": 174088,
    "heap_min": 174088,
    "stack_free": 8064,
    "stack_min": 8064,
    "peak_to_backend": 256,
    "peak_to_peer": 256,
    "application_rx_pending": 0,
    "application_tx_pending": 0,
    "application_rx_peak": 256,
    "application_tx_peak": 256,
    "application_rx_discarded": 0,
    "application_tx_discarded": 0,
    "ncm_worker_runs": 23169,
    "ncm_rx_frames": 8484,
    "ncm_rx_deferred": 8144,
    "ncm_budget_exhaustions": 0,
    "ncm_wake_requests": 0,
    "tcp_accepts": 29,
    "tcp_rx_callbacks": 1387,
    "tcp_sent_callbacks": 5648,
    "tcp_errors": 0,
    "tcp_rx_bytes": 1500366,
    "tcp_sent_bytes": 1669238,
    "lwip_free": null
  },
  "echo": {
    "bytes": 65536,
    "seconds": 15.468158291012514,
    "bytes_per_second": 4236.832773949467,
    "fragmented_sends": 500,
    "slow_read": true,
    "read_delay": 0.15,
    "seed": 1313033524
  },
  "error": "RuntimeError('FMGO disconnected: expected 16 bytes, received 0')",
  "finished_utc": "2026-09-21T22:43:27Z"
}
