-- The C compiler identification is AppleClang 21.0.0.21000334
-- The CXX compiler identification is AppleClang 21.0.0.21000334
-- Detecting C compiler ABI info
-- Detecting C compiler ABI info - done
-- Check for working C compiler: /Applications/Xcode.app/Contents/Developer/Toolchains/XcodeDefault.xctoolchain/usr/bin/cc - skipped
-- Detecting C compile features
-- Detecting C compile features - done
-- Detecting CXX compiler ABI info
-- Detecting CXX compiler ABI info - done
-- Check for working CXX compiler: /Applications/Xcode.app/Contents/Developer/Toolchains/XcodeDefault.xctoolchain/usr/bin/c++ - skipped
-- Detecting CXX compile features
-- Detecting CXX compile features - done
-- Found Python3: /opt/miniconda3/bin/python3.12 (found version "3.12.7") found components: Interpreter
-- Configuring done (1.2s)
-- Generating done (0.1s)
-- Build files have been written to: /Users/REDACTED/Developer/Firmingo/build/diagnostics-fuzz
[ 28%] Building CXX object CMakeFiles/firmingo_core.dir/src/core/protocol.cpp.o
[ 28%] Building CXX object CMakeFiles/firmingo_core.dir/src/core/stream.cpp.o
[ 42%] Building CXX object CMakeFiles/firmingo_core.dir/src/core/json.cpp.o
[ 57%] Building CXX object CMakeFiles/firmingo_core.dir/src/core/session.cpp.o
[ 71%] Linking CXX static library libfirmingo_core.a
[ 71%] Built target firmingo_core
[ 85%] Building CXX object CMakeFiles/protocol_fuzz.dir/tests/native/fuzz_protocol.cpp.o
[100%] Linking CXX executable protocol_fuzz
[100%] Built target protocol_fuzz
[ 71%] Built target firmingo_core
[ 85%] Building CXX object CMakeFiles/session_fuzz.dir/tests/native/fuzz_session.cpp.o
[100%] Linking CXX executable session_fuzz
[100%] Built target session_fuzz
Internal ctest changing into directory: /Users/REDACTED/Developer/Firmingo/build/diagnostics-fuzz
Test project /Users/REDACTED/Developer/Firmingo/build/diagnostics-fuzz
    Start 4: protocol_fuzz
1/2 Test #4: protocol_fuzz ....................   Passed    1.31 sec
    Start 5: session_fuzz
2/2 Test #5: session_fuzz .....................   Passed    1.83 sec

100% tests passed, 0 tests failed out of 2

Total Test time (real) =   3.15 sec
