/Users/REDACTED/Developer/Firmingo/tests/native/test_stream.cpp:173:binary_full_duplex_survives_every_partial_write_size:PASS
/Users/REDACTED/Developer/Firmingo/tests/native/test_stream.cpp:174:stalled_reader_is_bounded_and_other_direction_progresses:PASS
/Users/REDACTED/Developer/Firmingo/tests/native/test_stream.cpp:175:second_owner_cannot_steal_or_discard_pending_bytes:PASS
/Users/REDACTED/Developer/Firmingo/tests/native/test_stream.cpp:176:disconnect_discards_both_queues_before_reconnect:PASS
/Users/REDACTED/Developer/Firmingo/tests/native/test_stream.cpp:177:idle_timeout_handles_clock_rollover_and_exact_boundary:PASS
/Users/REDACTED/Developer/Firmingo/tests/native/test_stream.cpp:178:real_progress_extends_timeout_but_stalls_do_not:PASS
/Users/REDACTED/Developer/Firmingo/tests/native/test_stream.cpp:179:faulty_adapter_counts_fail_closed:PASS
/Users/REDACTED/Developer/Firmingo/tests/native/test_stream.cpp:180:empty_io_is_bounded_and_timeout_can_be_disabled:PASS

-----------------------
8 Tests 0 Failures 0 Ignored 
OK
Internal ctest changing into directory: /Users/REDACTED/Developer/Firmingo/build/native-sanitize
Test project /Users/REDACTED/Developer/Firmingo/build/native-sanitize
      Start  1: stream
 1/10 Test  #1: stream ...........................   Passed    0.03 sec
      Start  2: application
 2/10 Test  #2: application ......................   Passed    0.01 sec
      Start  3: uart
 3/10 Test  #3: uart .............................   Passed    0.01 sec
      Start  4: protocol
 4/10 Test  #4: protocol .........................   Passed    0.09 sec
      Start  5: session
 5/10 Test  #5: session ..........................   Passed    0.74 sec
      Start  6: tcp_echo
 6/10 Test  #6: tcp_echo .........................   Passed    0.02 sec
      Start  7: tcp_session
 7/10 Test  #7: tcp_session ......................   Passed    0.03 sec
      Start  8: usb_startup_deferred
 8/10 Test  #8: usb_startup_deferred .............   Passed    0.02 sec
      Start  9: usb_startup_default
 9/10 Test  #9: usb_startup_default ..............   Passed    0.01 sec
      Start 10: local_dhcp
10/10 Test #10: local_dhcp .......................   Passed    0.02 sec

100% tests passed, 0 tests failed out of 10

Total Test time (real) =   0.99 sec
